// Jest Snapshot v1, https://goo.gl/fbAQLP

exports[`Test Header render Test Header 1`] = `
<header
  className="header"
>
  <nav
    className="navigation"
  >
    <ul>
      <li
        className="arrow"
      >
        <a
          aria-current="page"
          className="active"
          href="/"
          onClick={[Function]}
        >
          <svg
            fill="currentColor"
            height="1em"
            stroke="currentColor"
            strokeWidth="0"
            style={
              Object {
                "color": undefined,
              }
            }
            viewBox="0 0 512 512"
            width="1em"
            xmlns="http://www.w3.org/2000/svg"
          >
            <path
              d="M217.9 256L345 129c9.4-9.4 9.4-24.6 0-33.9-9.4-9.4-24.6-9.3-34 0L167 239c-9.1 9.1-9.3 23.7-.7 33.1L310.9 417c4.7 4.7 10.9 7 17 7s12.3-2.3 17-7c9.4-9.4 9.4-24.6 0-33.9L217.9 256z"
            />
          </svg>
        </a>
      </li>
      <li
        className="title"
      >
        <a
          aria-current="page"
          className="active"
          href="/"
          onClick={[Function]}
        >
          <h1>
            mountains forecast
          </h1>
        </a>
      </li>
      <li>
        <a
          className=""
          data-testid="clickAbout"
          href="/about"
          onClick={[Function]}
        >
          about
        </a>
      </li>
      <li>
        <button
          onClick={[Function]}
          type="button"
        >
          models
        </button>
      </li>
    </ul>
  </nav>
</header>
`;
